  Determining projects to restore...
  All projects are up-to-date for restore.
  UserService.Domain -> C:\Users\User\source\repos\Seminar-Project\services\user-service\src\UserService.Domain\bin\Debug\net8.0\UserService.Domain.dll
  UserService.Application -> C:\Users\User\source\repos\Seminar-Project\services\user-service\src\UserService.Application\bin\Debug\net8.0\UserService.Application.dll
  UserService.Infrastructure -> C:\Users\User\source\repos\Seminar-Project\services\user-service\src\UserService.Infrastructure\bin\Debug\net8.0\UserService.Infrastructure.dll
C:\Program Files\dotnet\sdk\9.0.313\Microsoft.Common.CurrentVersion.targets(2433,5): warning MSB3277: Found conflicts between different versions of "Microsoft.EntityFrameworkCore.Relational" that could not be resolved. [C:\Users\User\source\repos\Seminar-Project\services\user-service\src\UserService.Api\UserService.Api.csproj]
C:\Program Files\dotnet\sdk\9.0.313\Microsoft.Common.CurrentVersion.targets(2433,5): warning MSB3277: There was a conflict between "Microsoft.EntityFrameworkCore.Relational, Version=8.0.11.0, Culture=neutral, PublicKeyToken=adb9793829ddae60" and "Microsoft.EntityFrameworkCore.Relational, Version=8.0.26.0, Culture=neutral, PublicKeyToken=adb9793829ddae60". [C:\Users\User\source\repos\Seminar-Project\services\user-service\src\UserService.Api\UserService.Api.csproj]
C:\Program Files\dotnet\sdk\9.0.313\Microsoft.Common.CurrentVersion.targets(2433,5): warning MSB3277:     "Microsoft.EntityFrameworkCore.Relational, Version=8.0.11.0, Culture=neutral, PublicKeyToken=adb9793829ddae60" was chosen because it was primary and "Microsoft.EntityFrameworkCore.Relational, Version=8.0.26.0, Culture=neutral, PublicKeyToken=adb9793829ddae60" was not. [C:\Users\User\source\repos\Seminar-Project\services\user-service\src\UserService.Api\UserService.Api.csproj]
C:\Program Files\dotnet\sdk\9.0.313\Microsoft.Common.CurrentVersion.targets(2433,5): warning MSB3277:     References which depend on "Microsoft.EntityFrameworkCore.Relational, Version=8.0.11.0, Culture=neutral, PublicKeyToken=adb9793829ddae60" [C:\Users\User\.nuget\packages\microsoft.entityframeworkcore.relational\8.0.11\lib\net8.0\Microsoft.EntityFrameworkCore.Relational.dll]. [C:\Users\User\source\repos\Seminar-Project\services\user-service\src\UserService.Api\UserService.Api.csproj]
C:\Program Files\dotnet\sdk\9.0.313\Microsoft.Common.CurrentVersion.targets(2433,5): warning MSB3277:         C:\Users\User\.nuget\packages\microsoft.entityframeworkcore.relational\8.0.11\lib\net8.0\Microsoft.EntityFrameworkCore.Relational.dll [C:\Users\User\source\repos\Seminar-Project\services\user-service\src\UserService.Api\UserService.Api.csproj]
C:\Program Files\dotnet\sdk\9.0.313\Microsoft.Common.CurrentVersion.targets(2433,5): warning MSB3277:           Project file item includes which caused reference "C:\Users\User\.nuget\packages\microsoft.entityframeworkcore.relational\8.0.11\lib\net8.0\Microsoft.EntityFrameworkCore.Relational.dll". [C:\Users\User\source\repos\Seminar-Project\services\user-service\src\UserService.Api\UserService.Api.csproj]
C:\Program Files\dotnet\sdk\9.0.313\Microsoft.Common.CurrentVersion.targets(2433,5): warning MSB3277:             C:\Users\User\.nuget\packages\microsoft.entityframeworkcore.relational\8.0.11\lib\net8.0\Microsoft.EntityFrameworkCore.Relational.dll [C:\Users\User\source\repos\Seminar-Project\services\user-service\src\UserService.Api\UserService.Api.csproj]
C:\Program Files\dotnet\sdk\9.0.313\Microsoft.Common.CurrentVersion.targets(2433,5): warning MSB3277:     References which depend on or have been unified to "Microsoft.EntityFrameworkCore.Relational, Version=8.0.26.0, Culture=neutral, PublicKeyToken=adb9793829ddae60" []. [C:\Users\User\source\repos\Seminar-Project\services\user-service\src\UserService.Api\UserService.Api.csproj]
C:\Program Files\dotnet\sdk\9.0.313\Microsoft.Common.CurrentVersion.targets(2433,5): warning MSB3277:         C:\Users\User\source\repos\Seminar-Project\services\user-service\src\UserService.Infrastructure\bin\Debug\net8.0\UserService.Infrastructure.dll [C:\Users\User\source\repos\Seminar-Project\services\user-service\src\UserService.Api\UserService.Api.csproj]
C:\Program Files\dotnet\sdk\9.0.313\Microsoft.Common.CurrentVersion.targets(2433,5): warning MSB3277:           Project file item includes which caused reference "C:\Users\User\source\repos\Seminar-Project\services\user-service\src\UserService.Infrastructure\bin\Debug\net8.0\UserService.Infrastructure.dll". [C:\Users\User\source\repos\Seminar-Project\services\user-service\src\UserService.Api\UserService.Api.csproj]
C:\Program Files\dotnet\sdk\9.0.313\Microsoft.Common.CurrentVersion.targets(2433,5): warning MSB3277:             C:\Users\User\source\repos\Seminar-Project\services\user-service\src\UserService.Infrastructure\bin\Debug\net8.0\UserService.Infrastructure.dll [C:\Users\User\source\repos\Seminar-Project\services\user-service\src\UserService.Api\UserService.Api.csproj]
  UserService.Api -> C:\Users\User\source\repos\Seminar-Project\services\user-service\src\UserService.Api\bin\Debug\net8.0\UserService.Api.dll
C:\Program Files\dotnet\sdk\9.0.313\Microsoft.Common.CurrentVersion.targets(2433,5): warning MSB3277: Found conflicts between different versions of "Microsoft.EntityFrameworkCore.Relational" that could not be resolved. [C:\Users\User\source\repos\Seminar-Project\services\user-service\tests\UserService.IntegrationTests\UserService.IntegrationTests.csproj]
C:\Program Files\dotnet\sdk\9.0.313\Microsoft.Common.CurrentVersion.targets(2433,5): warning MSB3277: There was a conflict between "Microsoft.EntityFrameworkCore.Relational, Version=8.0.11.0, Culture=neutral, PublicKeyToken=adb9793829ddae60" and "Microsoft.EntityFrameworkCore.Relational, Version=8.0.26.0, Culture=neutral, PublicKeyToken=adb9793829ddae60". [C:\Users\User\source\repos\Seminar-Project\services\user-service\tests\UserService.IntegrationTests\UserService.IntegrationTests.csproj]
C:\Program Files\dotnet\sdk\9.0.313\Microsoft.Common.CurrentVersion.targets(2433,5): warning MSB3277:     "Microsoft.EntityFrameworkCore.Relational, Version=8.0.11.0, Culture=neutral, PublicKeyToken=adb9793829ddae60" was chosen because it was primary and "Microsoft.EntityFrameworkCore.Relational, Version=8.0.26.0, Culture=neutral, PublicKeyToken=adb9793829ddae60" was not. [C:\Users\User\source\repos\Seminar-Project\services\user-service\tests\UserService.IntegrationTests\UserService.IntegrationTests.csproj]
C:\Program Files\dotnet\sdk\9.0.313\Microsoft.Common.CurrentVersion.targets(2433,5): warning MSB3277:     References which depend on "Microsoft.EntityFrameworkCore.Relational, Version=8.0.11.0, Culture=neutral, PublicKeyToken=adb9793829ddae60" [C:\Users\User\.nuget\packages\microsoft.entityframeworkcore.relational\8.0.11\lib\net8.0\Microsoft.EntityFrameworkCore.Relational.dll]. [C:\Users\User\source\repos\Seminar-Project\services\user-service\tests\UserService.IntegrationTests\UserService.IntegrationTests.csproj]
C:\Program Files\dotnet\sdk\9.0.313\Microsoft.Common.CurrentVersion.targets(2433,5): warning MSB3277:         C:\Users\User\.nuget\packages\microsoft.entityframeworkcore.relational\8.0.11\lib\net8.0\Microsoft.EntityFrameworkCore.Relational.dll [C:\Users\User\source\repos\Seminar-Project\services\user-service\tests\UserService.IntegrationTests\UserService.IntegrationTests.csproj]
C:\Program Files\dotnet\sdk\9.0.313\Microsoft.Common.CurrentVersion.targets(2433,5): warning MSB3277:           Project file item includes which caused reference "C:\Users\User\.nuget\packages\microsoft.entityframeworkcore.relational\8.0.11\lib\net8.0\Microsoft.EntityFrameworkCore.Relational.dll". [C:\Users\User\source\repos\Seminar-Project\services\user-service\tests\UserService.IntegrationTests\UserService.IntegrationTests.csproj]
C:\Program Files\dotnet\sdk\9.0.313\Microsoft.Common.CurrentVersion.targets(2433,5): warning MSB3277:             C:\Users\User\.nuget\packages\microsoft.entityframeworkcore.relational\8.0.11\lib\net8.0\Microsoft.EntityFrameworkCore.Relational.dll [C:\Users\User\source\repos\Seminar-Project\services\user-service\tests\UserService.IntegrationTests\UserService.IntegrationTests.csproj]
C:\Program Files\dotnet\sdk\9.0.313\Microsoft.Common.CurrentVersion.targets(2433,5): warning MSB3277:     References which depend on or have been unified to "Microsoft.EntityFrameworkCore.Relational, Version=8.0.26.0, Culture=neutral, PublicKeyToken=adb9793829ddae60" []. [C:\Users\User\source\repos\Seminar-Project\services\user-service\tests\UserService.IntegrationTests\UserService.IntegrationTests.csproj]
C:\Program Files\dotnet\sdk\9.0.313\Microsoft.Common.CurrentVersion.targets(2433,5): warning MSB3277:         C:\Users\User\source\repos\Seminar-Project\services\user-service\src\UserService.Infrastructure\bin\Debug\net8.0\UserService.Infrastructure.dll [C:\Users\User\source\repos\Seminar-Project\services\user-service\tests\UserService.IntegrationTests\UserService.IntegrationTests.csproj]
C:\Program Files\dotnet\sdk\9.0.313\Microsoft.Common.CurrentVersion.targets(2433,5): warning MSB3277:           Project file item includes which caused reference "C:\Users\User\source\repos\Seminar-Project\services\user-service\src\UserService.Infrastructure\bin\Debug\net8.0\UserService.Infrastructure.dll". [C:\Users\User\source\repos\Seminar-Project\services\user-service\tests\UserService.IntegrationTests\UserService.IntegrationTests.csproj]
C:\Program Files\dotnet\sdk\9.0.313\Microsoft.Common.CurrentVersion.targets(2433,5): warning MSB3277:             C:\Users\User\source\repos\Seminar-Project\services\user-service\src\UserService.Infrastructure\bin\Debug\net8.0\UserService.Infrastructure.dll [C:\Users\User\source\repos\Seminar-Project\services\user-service\tests\UserService.IntegrationTests\UserService.IntegrationTests.csproj]
C:\Program Files\dotnet\sdk\9.0.313\Microsoft.Common.CurrentVersion.targets(2433,5): warning MSB3277:             C:\Users\User\source\repos\Seminar-Project\services\user-service\src\UserService.Api\bin\Debug\net8.0\UserService.Api.dll [C:\Users\User\source\repos\Seminar-Project\services\user-service\tests\UserService.IntegrationTests\UserService.IntegrationTests.csproj]
  UserService.IntegrationTests -> C:\Users\User\source\repos\Seminar-Project\services\user-service\tests\UserService.IntegrationTests\bin\Debug\net8.0\UserService.IntegrationTests.dll
Test run for C:\Users\User\source\repos\Seminar-Project\services\user-service\tests\UserService.IntegrationTests\bin\Debug\net8.0\UserService.IntegrationTests.dll (.NETCoreApp,Version=v8.0)
VSTest version 17.14.1 (x64)

Starting test execution, please wait...
A total of 1 test files matched the specified pattern.
dotnet : [xUnit.net 00:00:00.86]     
UserService.IntegrationTests.UsersControllerTests.UpdatePreferences_WithInvalidAudioQuality_Returns400 [FAIL]
At line:1 char:1
+ dotnet test services/user-service/tests/UserService.IntegrationTests  ...
+ ~~~~~~~~~~~~~~~~~~~~~~~~~~~~~~~~~~~~~~~~~~~~~~~~~~~~~~~~~~~~~~~~~~~~~
    + CategoryInfo          : NotSpecified: ([xUnit.net 00:0...turns400 [FAIL]:String) [], RemoteException
    + FullyQualifiedErrorId : NativeCommandError
 
[xUnit.net 00:00:00.89]     
UserService.IntegrationTests.UsersControllerTests.UpdatePreferences_WithoutToken_Returns401 [FAIL]
[xUnit.net 00:00:00.90]     
UserService.IntegrationTests.UsersControllerTests.GetMe_WithValidToken_Returns200WithProfile_AC1_2_3 [FAIL]
[xUnit.net 00:00:00.90]     UserService.IntegrationTests.UsersControllerTests.GetMe_WithExpiredToken_Returns401 [FAIL]
[xUnit.net 00:00:00.91]     UserService.IntegrationTests.UsersControllerTests.UpdatePreferences_WithValidRequest_Return
s200AndPublishesKafka_AC1_2_2 [FAIL]
[xUnit.net 00:00:00.91]     
UserService.IntegrationTests.UsersControllerTests.GetInternalPreferences_ReturnsPreferences_NoAuthRequired [FAIL]
[xUnit.net 00:00:00.92]     UserService.IntegrationTests.UsersControllerTests.GetMe_WithoutToken_Returns401 [FAIL]
  Failed UserService.IntegrationTests.UsersControllerTests.UpdatePreferences_WithInvalidAudioQuality_Returns400 [1 ms]
  Error Message:
   System.InvalidOperationException : Relational-specific methods can only be used when the context is using a relational database provider.
  Stack Trace:
     at Microsoft.EntityFrameworkCore.RelationalDatabaseFacadeExtensions.GetRelationalService[TService](IInfrastructure`1 databaseFacade)
   at Microsoft.EntityFrameworkCore.RelationalDatabaseFacadeExtensions.MigrateAsync(DatabaseFacade databaseFacade, CancellationToken cancellationToken)
   at UserService.Infrastructure.Data.DbInitializer.SeedAsync(UserDbContext db, ILogger logger) in C:\Users\User\source\repos\Seminar-Project\services\user-service\src\UserService.Infrastructure\Data\DbInitializer.cs:line 11
   at Program.<Main>$(String[] args) in C:\Users\User\source\repos\Seminar-Project\services\user-service\src\UserService.Api\Program.cs:line 73
   at Program.<Main>(String[] args)
   at System.RuntimeMethodHandle.InvokeMethod(Object target, Void** arguments, Signature sig, Boolean isConstructor)
   at System.Reflection.MethodBaseInvoker.InvokeDirectByRefWithFewArgs(Object obj, Span`1 copyOfArgs, BindingFlags invokeAttr)
--- End of stack trace from previous location ---
   at Microsoft.AspNetCore.Mvc.Testing.DeferredHostBuilder.DeferredHost.StartAsync(CancellationToken cancellationToken)
   at Microsoft.Extensions.Hosting.HostingAbstractionsHostExtensions.Start(IHost host)
   at Microsoft.AspNetCore.Mvc.Testing.WebApplicationFactory`1.CreateHost(IHostBuilder builder)
   at Microsoft.AspNetCore.Mvc.Testing.WebApplicationFactory`1.ConfigureHostBuilder(IHostBuilder hostBuilder)
   at Microsoft.AspNetCore.Mvc.Testing.WebApplicationFactory`1.EnsureServer()
   at Microsoft.AspNetCore.Mvc.Testing.WebApplicationFactory`1.CreateDefaultClient(DelegatingHandler[] handlers)
   at Microsoft.AspNetCore.Mvc.Testing.WebApplicationFactory`1.CreateDefaultClient(Uri baseAddress, DelegatingHandler[] handlers)
   at Microsoft.AspNetCore.Mvc.Testing.WebApplicationFactory`1.CreateClient(WebApplicationFactoryClientOptions options)
   at Microsoft.AspNetCore.Mvc.Testing.WebApplicationFactory`1.CreateClient()
   at UserService.IntegrationTests.UsersControllerTests..ctor(TestWebApplicationFactory factory) in C:\Users\User\source\repos\Seminar-Project\services\user-service\tests\UserService.IntegrationTests\UsersControllerTests.cs:line 34
   at System.RuntimeMethodHandle.InvokeMethod(Object target, Void** arguments, Signature sig, Boolean isConstructor)
   at System.Reflection.MethodBaseInvoker.InvokeDirectByRefWithFewArgs(Object obj, Span`1 copyOfArgs, BindingFlags invokeAttr)
  Failed UserService.IntegrationTests.UsersControllerTests.UpdatePreferences_WithoutToken_Returns401 [1 ms]
  Error Message:
   System.InvalidOperationException : Relational-specific methods can only be used when the context is using a relational database provider.
  Stack Trace:
     at Microsoft.EntityFrameworkCore.RelationalDatabaseFacadeExtensions.GetRelationalService[TService](IInfrastructure`1 databaseFacade)
   at Microsoft.EntityFrameworkCore.RelationalDatabaseFacadeExtensions.MigrateAsync(DatabaseFacade databaseFacade, CancellationToken cancellationToken)
   at UserService.Infrastructure.Data.DbInitializer.SeedAsync(UserDbContext db, ILogger logger) in C:\Users\User\source\repos\Seminar-Project\services\user-service\src\UserService.Infrastructure\Data\DbInitializer.cs:line 11
   at Program.<Main>$(String[] args) in C:\Users\User\source\repos\Seminar-Project\services\user-service\src\UserService.Api\Program.cs:line 73
   at Program.<Main>(String[] args)
   at InvokeStub_Program.<Main>(Object, Span`1)
   at System.Reflection.MethodBaseInvoker.InvokeWithOneArg(Object obj, BindingFlags invokeAttr, Binder binder, Object[] parameters, CultureInfo culture)
--- End of stack trace from previous location ---
   at Microsoft.AspNetCore.Mvc.Testing.DeferredHostBuilder.DeferredHost.StartAsync(CancellationToken cancellationToken)
   at Microsoft.Extensions.Hosting.HostingAbstractionsHostExtensions.Start(IHost host)
   at Microsoft.AspNetCore.Mvc.Testing.WebApplicationFactory`1.CreateHost(IHostBuilder builder)
   at Microsoft.AspNetCore.Mvc.Testing.WebApplicationFactory`1.ConfigureHostBuilder(IHostBuilder hostBuilder)
   at Microsoft.AspNetCore.Mvc.Testing.WebApplicationFactory`1.EnsureServer()
   at Microsoft.AspNetCore.Mvc.Testing.WebApplicationFactory`1.CreateDefaultClient(DelegatingHandler[] handlers)
   at Microsoft.AspNetCore.Mvc.Testing.WebApplicationFactory`1.CreateDefaultClient(Uri baseAddress, DelegatingHandler[] handlers)
   at Microsoft.AspNetCore.Mvc.Testing.WebApplicationFactory`1.CreateClient(WebApplicationFactoryClientOptions options)
   at Microsoft.AspNetCore.Mvc.Testing.WebApplicationFactory`1.CreateClient()
   at UserService.IntegrationTests.UsersControllerTests..ctor(TestWebApplicationFactory factory) in C:\Users\User\source\repos\Seminar-Project\services\user-service\tests\UserService.IntegrationTests\UsersControllerTests.cs:line 34
   at InvokeStub_UsersControllerTests..ctor(Object, Span`1)
   at System.Reflection.MethodBaseInvoker.InvokeWithOneArg(Object obj, BindingFlags invokeAttr, Binder binder, Object[] parameters, CultureInfo culture)
  Failed UserService.IntegrationTests.UsersControllerTests.GetMe_WithValidToken_Returns200WithProfile_AC1_2_3 [1 ms]
  Error Message:
   System.InvalidOperationException : Relational-specific methods can only be used when the context is using a relational database provider.
  Stack Trace:
     at Microsoft.EntityFrameworkCore.RelationalDatabaseFacadeExtensions.GetRelationalService[TService](IInfrastructure`1 databaseFacade)
   at Microsoft.EntityFrameworkCore.RelationalDatabaseFacadeExtensions.MigrateAsync(DatabaseFacade databaseFacade, CancellationToken cancellationToken)
   at UserService.Infrastructure.Data.DbInitializer.SeedAsync(UserDbContext db, ILogger logger) in C:\Users\User\source\repos\Seminar-Project\services\user-service\src\UserService.Infrastructure\Data\DbInitializer.cs:line 11
   at Program.<Main>$(String[] args) in C:\Users\User\source\repos\Seminar-Project\services\user-service\src\UserService.Api\Program.cs:line 73
   at Program.<Main>(String[] args)
   at InvokeStub_Program.<Main>(Object, Span`1)
   at System.Reflection.MethodBaseInvoker.InvokeWithOneArg(Object obj, BindingFlags invokeAttr, Binder binder, Object[] parameters, CultureInfo culture)
--- End of stack trace from previous location ---
   at Microsoft.AspNetCore.Mvc.Testing.DeferredHostBuilder.DeferredHost.StartAsync(CancellationToken cancellationToken)
   at Microsoft.Extensions.Hosting.HostingAbstractionsHostExtensions.Start(IHost host)
   at Microsoft.AspNetCore.Mvc.Testing.WebApplicationFactory`1.CreateHost(IHostBuilder builder)
   at Microsoft.AspNetCore.Mvc.Testing.WebApplicationFactory`1.ConfigureHostBuilder(IHostBuilder hostBuilder)
   at Microsoft.AspNetCore.Mvc.Testing.WebApplicationFactory`1.EnsureServer()
   at Microsoft.AspNetCore.Mvc.Testing.WebApplicationFactory`1.CreateDefaultClient(DelegatingHandler[] handlers)
   at Microsoft.AspNetCore.Mvc.Testing.WebApplicationFactory`1.CreateDefaultClient(Uri baseAddress, DelegatingHandler[] handlers)
   at Microsoft.AspNetCore.Mvc.Testing.WebApplicationFactory`1.CreateClient(WebApplicationFactoryClientOptions options)
   at Microsoft.AspNetCore.Mvc.Testing.WebApplicationFactory`1.CreateClient()
   at UserService.IntegrationTests.UsersControllerTests..ctor(TestWebApplicationFactory factory) in C:\Users\User\source\repos\Seminar-Project\services\user-service\tests\UserService.IntegrationTests\UsersControllerTests.cs:line 34
   at InvokeStub_UsersControllerTests..ctor(Object, Span`1)
   at System.Reflection.MethodBaseInvoker.InvokeWithOneArg(Object obj, BindingFlags invokeAttr, Binder binder, Object[] parameters, CultureInfo culture)
  Failed UserService.IntegrationTests.UsersControllerTests.GetMe_WithExpiredToken_Returns401 [1 ms]
  Error Message:
   System.InvalidOperationException : Relational-specific methods can only be used when the context is using a relational database provider.
  Stack Trace:
     at Microsoft.EntityFrameworkCore.RelationalDatabaseFacadeExtensions.GetRelationalService[TService](IInfrastructure`1 databaseFacade)
   at Microsoft.EntityFrameworkCore.RelationalDatabaseFacadeExtensions.MigrateAsync(DatabaseFacade databaseFacade, CancellationToken cancellationToken)
   at UserService.Infrastructure.Data.DbInitializer.SeedAsync(UserDbContext db, ILogger logger) in C:\Users\User\source\repos\Seminar-Project\services\user-service\src\UserService.Infrastructure\Data\DbInitializer.cs:line 11
   at Program.<Main>$(String[] args) in C:\Users\User\source\repos\Seminar-Project\services\user-service\src\UserService.Api\Program.cs:line 73
   at Program.<Main>(String[] args)
   at InvokeStub_Program.<Main>(Object, Span`1)
   at System.Reflection.MethodBaseInvoker.InvokeWithOneArg(Object obj, BindingFlags invokeAttr, Binder binder, Object[] parameters, CultureInfo culture)
--- End of stack trace from previous location ---
   at Microsoft.AspNetCore.Mvc.Testing.DeferredHostBuilder.DeferredHost.StartAsync(CancellationToken cancellationToken)
   at Microsoft.Extensions.Hosting.HostingAbstractionsHostExtensions.Start(IHost host)
   at Microsoft.AspNetCore.Mvc.Testing.WebApplicationFactory`1.CreateHost(IHostBuilder builder)
   at Microsoft.AspNetCore.Mvc.Testing.WebApplicationFactory`1.ConfigureHostBuilder(IHostBuilder hostBuilder)
   at Microsoft.AspNetCore.Mvc.Testing.WebApplicationFactory`1.EnsureServer()
   at Microsoft.AspNetCore.Mvc.Testing.WebApplicationFactory`1.CreateDefaultClient(DelegatingHandler[] handlers)
   at Microsoft.AspNetCore.Mvc.Testing.WebApplicationFactory`1.CreateDefaultClient(Uri baseAddress, DelegatingHandler[] handlers)
   at Microsoft.AspNetCore.Mvc.Testing.WebApplicationFactory`1.CreateClient(WebApplicationFactoryClientOptions options)
   at Microsoft.AspNetCore.Mvc.Testing.WebApplicationFactory`1.CreateClient()
   at UserService.IntegrationTests.UsersControllerTests..ctor(TestWebApplicationFactory factory) in C:\Users\User\source\repos\Seminar-Project\services\user-service\tests\UserService.IntegrationTests\UsersControllerTests.cs:line 34
   at InvokeStub_UsersControllerTests..ctor(Object, Span`1)
   at System.Reflection.MethodBaseInvoker.InvokeWithOneArg(Object obj, BindingFlags invokeAttr, Binder binder, Object[] parameters, CultureInfo culture)
  Failed UserService.IntegrationTests.UsersControllerTests.UpdatePreferences_WithValidRequest_Returns200AndPublishesKafka_AC1_2_2 [1 ms]
  Error Message:
   System.InvalidOperationException : Relational-specific methods can only be used when the context is using a relational database provider.
  Stack Trace:
     at Microsoft.EntityFrameworkCore.RelationalDatabaseFacadeExtensions.GetRelationalService[TService](IInfrastructure`1 databaseFacade)
   at Microsoft.EntityFrameworkCore.RelationalDatabaseFacadeExtensions.MigrateAsync(DatabaseFacade databaseFacade, CancellationToken cancellationToken)
   at UserService.Infrastructure.Data.DbInitializer.SeedAsync(UserDbContext db, ILogger logger) in C:\Users\User\source\repos\Seminar-Project\services\user-service\src\UserService.Infrastructure\Data\DbInitializer.cs:line 11
   at Program.<Main>$(String[] args) in C:\Users\User\source\repos\Seminar-Project\services\user-service\src\UserService.Api\Program.cs:line 73
   at Program.<Main>(String[] args)
   at InvokeStub_Program.<Main>(Object, Span`1)
   at System.Reflection.MethodBaseInvoker.InvokeWithOneArg(Object obj, BindingFlags invokeAttr, Binder binder, Object[] parameters, CultureInfo culture)
--- End of stack trace from previous location ---
   at Microsoft.AspNetCore.Mvc.Testing.DeferredHostBuilder.DeferredHost.StartAsync(CancellationToken cancellationToken)
   at Microsoft.Extensions.Hosting.HostingAbstractionsHostExtensions.Start(IHost host)
   at Microsoft.AspNetCore.Mvc.Testing.WebApplicationFactory`1.CreateHost(IHostBuilder builder)
   at Microsoft.AspNetCore.Mvc.Testing.WebApplicationFactory`1.ConfigureHostBuilder(IHostBuilder hostBuilder)
   at Microsoft.AspNetCore.Mvc.Testing.WebApplicationFactory`1.EnsureServer()
   at Microsoft.AspNetCore.Mvc.Testing.WebApplicationFactory`1.CreateDefaultClient(DelegatingHandler[] handlers)
   at Microsoft.AspNetCore.Mvc.Testing.WebApplicationFactory`1.CreateDefaultClient(Uri baseAddress, DelegatingHandler[] handlers)
   at Microsoft.AspNetCore.Mvc.Testing.WebApplicationFactory`1.CreateClient(WebApplicationFactoryClientOptions options)
   at Microsoft.AspNetCore.Mvc.Testing.WebApplicationFactory`1.CreateClient()
   at UserService.IntegrationTests.UsersControllerTests..ctor(TestWebApplicationFactory factory) in C:\Users\User\source\repos\Seminar-Project\services\user-service\tests\UserService.IntegrationTests\UsersControllerTests.cs:line 34
   at InvokeStub_UsersControllerTests..ctor(Object, Span`1)
   at System.Reflection.MethodBaseInvoker.InvokeWithOneArg(Object obj, BindingFlags invokeAttr, Binder binder, Object[] parameters, CultureInfo culture)
  Failed UserService.IntegrationTests.UsersControllerTests.GetInternalPreferences_ReturnsPreferences_NoAuthRequired [1 ms]
  Error Message:
   System.InvalidOperationException : Relational-specific methods can only be used when the context is using a relational database provider.
  Stack Trace:
     at Microsoft.EntityFrameworkCore.RelationalDatabaseFacadeExtensions.GetRelationalService[TService](IInfrastructure`1 databaseFacade)
   at Microsoft.EntityFrameworkCore.RelationalDatabaseFacadeExtensions.MigrateAsync(DatabaseFacade databaseFacade, CancellationToken cancellationToken)
   at UserService.Infrastructure.Data.DbInitializer.SeedAsync(UserDbContext db, ILogger logger) in C:\Users\User\source\repos\Seminar-Project\services\user-service\src\UserService.Infrastructure\Data\DbInitializer.cs:line 11
   at Program.<Main>$(String[] args) in C:\Users\User\source\repos\Seminar-Project\services\user-service\src\UserService.Api\Program.cs:line 73
   at Program.<Main>(String[] args)
   at InvokeStub_Program.<Main>(Object, Span`1)
   at System.Reflection.MethodBaseInvoker.InvokeWithOneArg(Object obj, BindingFlags invokeAttr, Binder binder, Object[] parameters, CultureInfo culture)
--- End of stack trace from previous location ---
   at Microsoft.AspNetCore.Mvc.Testing.DeferredHostBuilder.DeferredHost.StartAsync(CancellationToken cancellationToken)
   at Microsoft.Extensions.Hosting.HostingAbstractionsHostExtensions.Start(IHost host)
   at Microsoft.AspNetCore.Mvc.Testing.WebApplicationFactory`1.CreateHost(IHostBuilder builder)
   at Microsoft.AspNetCore.Mvc.Testing.WebApplicationFactory`1.ConfigureHostBuilder(IHostBuilder hostBuilder)
   at Microsoft.AspNetCore.Mvc.Testing.WebApplicationFactory`1.EnsureServer()
   at Microsoft.AspNetCore.Mvc.Testing.WebApplicationFactory`1.CreateDefaultClient(DelegatingHandler[] handlers)
   at Microsoft.AspNetCore.Mvc.Testing.WebApplicationFactory`1.CreateDefaultClient(Uri baseAddress, DelegatingHandler[] handlers)
   at Microsoft.AspNetCore.Mvc.Testing.WebApplicationFactory`1.CreateClient(WebApplicationFactoryClientOptions options)
   at Microsoft.AspNetCore.Mvc.Testing.WebApplicationFactory`1.CreateClient()
   at UserService.IntegrationTests.UsersControllerTests..ctor(TestWebApplicationFactory factory) in C:\Users\User\source\repos\Seminar-Project\services\user-service\tests\UserService.IntegrationTests\UsersControllerTests.cs:line 34
   at InvokeStub_UsersControllerTests..ctor(Object, Span`1)
   at System.Reflection.MethodBaseInvoker.InvokeWithOneArg(Object obj, BindingFlags invokeAttr, Binder binder, Object[] parameters, CultureInfo culture)
  Failed UserService.IntegrationTests.UsersControllerTests.GetMe_WithoutToken_Returns401 [1 ms]
  Error Message:
   System.InvalidOperationException : Relational-specific methods can only be used when the context is using a relational database provider.
  Stack Trace:
     at Microsoft.EntityFrameworkCore.RelationalDatabaseFacadeExtensions.GetRelationalService[TService](IInfrastructure`1 databaseFacade)
   at Microsoft.EntityFrameworkCore.RelationalDatabaseFacadeExtensions.MigrateAsync(DatabaseFacade databaseFacade, CancellationToken cancellationToken)
   at UserService.Infrastructure.Data.DbInitializer.SeedAsync(UserDbContext db, ILogger logger) in C:\Users\User\source\repos\Seminar-Project\services\user-service\src\UserService.Infrastructure\Data\DbInitializer.cs:line 11
   at Program.<Main>$(String[] args) in C:\Users\User\source\repos\Seminar-Project\services\user-service\src\UserService.Api\Program.cs:line 73
   at Program.<Main>(String[] args)
   at InvokeStub_Program.<Main>(Object, Span`1)
   at System.Reflection.MethodBaseInvoker.InvokeWithOneArg(Object obj, BindingFlags invokeAttr, Binder binder, Object[] parameters, CultureInfo culture)
--- End of stack trace from previous location ---
   at Microsoft.AspNetCore.Mvc.Testing.DeferredHostBuilder.DeferredHost.StartAsync(CancellationToken cancellationToken)
   at Microsoft.Extensions.Hosting.HostingAbstractionsHostExtensions.Start(IHost host)
   at Microsoft.AspNetCore.Mvc.Testing.WebApplicationFactory`1.CreateHost(IHostBuilder builder)
   at Microsoft.AspNetCore.Mvc.Testing.WebApplicationFactory`1.ConfigureHostBuilder(IHostBuilder hostBuilder)
   at Microsoft.AspNetCore.Mvc.Testing.WebApplicationFactory`1.EnsureServer()
   at Microsoft.AspNetCore.Mvc.Testing.WebApplicationFactory`1.CreateDefaultClient(DelegatingHandler[] handlers)
   at Microsoft.AspNetCore.Mvc.Testing.WebApplicationFactory`1.CreateDefaultClient(Uri baseAddress, DelegatingHandler[] handlers)
   at Microsoft.AspNetCore.Mvc.Testing.WebApplicationFactory`1.CreateClient(WebApplicationFactoryClientOptions options)
   at Microsoft.AspNetCore.Mvc.Testing.WebApplicationFactory`1.CreateClient()
   at UserService.IntegrationTests.UsersControllerTests..ctor(TestWebApplicationFactory factory) in C:\Users\User\source\repos\Seminar-Project\services\user-service\tests\UserService.IntegrationTests\UsersControllerTests.cs:line 34
   at InvokeStub_UsersControllerTests..ctor(Object, Span`1)
   at System.Reflection.MethodBaseInvoker.InvokeWithOneArg(Object obj, BindingFlags invokeAttr, Binder binder, Object[] parameters, CultureInfo culture)

Failed!  - Failed:     7, Passed:     0, Skipped:     0, Total:     7, Duration: 62 ms - UserService.IntegrationTests.dll (net8.0)
